2026-07-24 16:46:52,062 INFO    MainThread:3599989 [wandb_setup.py:_flush():81] Current SDK version is 0.28.1
2026-07-24 16:46:52,062 INFO    MainThread:3599989 [wandb_setup.py:_flush():81] Configure stats pid to 3599989
2026-07-24 16:46:52,062 INFO    MainThread:3599989 [wandb_setup.py:_flush():81] Loading settings from environment variables
2026-07-24 16:46:52,062 INFO    MainThread:3599989 [wandb_init.py:setup_run_log_directory():729] Logging user logs to /home/junior/splaterra/wandb/run-20260724_164652-6c6ao6ri/logs/debug.log
2026-07-24 16:46:52,062 INFO    MainThread:3599989 [wandb_init.py:setup_run_log_directory():730] Logging internal logs to /home/junior/splaterra/wandb/run-20260724_164652-6c6ao6ri/logs/debug-internal.log
2026-07-24 16:46:52,063 INFO    MainThread:3599989 [wandb_init.py:init():772] calling init triggers
2026-07-24 16:46:52,063 INFO    MainThread:3599989 [wandb_init.py:init():777] wandb.init called with sweep_config: {}
config: {'source_path': '/home/junior/splaterra/splaterra/tinysplat', 'images_dir': 'images', 'white_background': False, 'sh_degree': 3, 'iterations': 30000, 'densify_from_iter': 500, 'densify_until_iter': 15000, 'densification_interval': 100, 'densify_grad_threshold': 0.0002, 'opacity_cull': 0.005, 'opacity_reset_interval': 3000, 'lambda_dssim': 0.2, 'depth_l1_weight_init': 1.0, 'depth_l1_weight_final': 0.01, 'random_background': False, 'resume_checkpoint': None, '_wandb': {}}
2026-07-24 16:46:52,063 INFO    MainThread:3599989 [wandb_init.py:init():820] starting backend
2026-07-24 16:46:52,063 INFO    MainThread:3599989 [wandb_init.py:init():835] sending inform_init request
2026-07-24 16:46:52,170 INFO    MainThread:3599989 [wandb_init.py:init():840] backend started and connected
2026-07-24 16:46:52,181 INFO    MainThread:3599989 [wandb_init.py:init():910] updated telemetry
2026-07-24 16:46:52,186 INFO    MainThread:3599989 [wandb_init.py:init():933] communicating run to backend with 90.0 second timeout
2026-07-24 16:46:53,820 INFO    MainThread:3599989 [wandb_init.py:init():978] starting run threads in backend
2026-07-24 16:46:53,900 INFO    MainThread:3599989 [wandb_run.py:_console_start():2621] atexit reg
2026-07-24 16:46:53,900 INFO    MainThread:3599989 [wandb_run.py:_redirect():2471] redirect: wrap_raw
2026-07-24 16:46:53,900 INFO    MainThread:3599989 [wandb_run.py:_redirect():2540] Wrapping output streams.
2026-07-24 16:46:53,900 INFO    MainThread:3599989 [wandb_run.py:_redirect():2563] Redirects installed.
2026-07-24 16:46:53,902 INFO    MainThread:3599989 [wandb_init.py:init():1016] run started, returning control to user process
2026-07-24 16:46:53,917 INFO    wandb-AsyncioManager-main:3599989 [service_client.py:_forward_responses():122] [no run ID] Reached EOF.
2026-07-24 16:46:53,917 INFO    wandb-AsyncioManager-main:3599989 [mailbox.py:close():154] [no run ID] Closing mailbox, abandoning 2 handles.
2026-07-24 16:46:53,918 ERROR   wandb-AsyncioManager-main:3599989 [asyncio_manager.py:fn_wrap_exceptions():197] Uncaught exception in run_soon callback.
Traceback (most recent call last):
  File "/home/junior/.local/lib/python3.10/site-packages/wandb/sdk/lib/asyncio_manager.py", line 195, in fn_wrap_exceptions
    await fn()
  File "/home/junior/.local/lib/python3.10/site-packages/wandb/sdk/lib/run_messages.py", line 90, in loop
    await asyncio_compat.race(
  File "/home/junior/.local/lib/python3.10/site-packages/wandb/sdk/lib/asyncio_compat.py", line 279, in race
    async with open_task_group(race=True) as tg:
  File "/usr/lib/python3.10/contextlib.py", line 206, in __aexit__
    await anext(self.gen)
  File "/home/junior/.local/lib/python3.10/site-packages/wandb/sdk/lib/asyncio_compat.py", line 241, in open_task_group
    await task_group._wait_all(race=race, timeout=exit_timeout)
  File "/home/junior/.local/lib/python3.10/site-packages/wandb/sdk/lib/asyncio_compat.py", line 181, in _wait_all
    raise exc
  File "/home/junior/.local/lib/python3.10/site-packages/wandb/sdk/lib/run_messages.py", line 113, in _print_all
    result = await handle.wait_async(timeout=None)
  File "/home/junior/.local/lib/python3.10/site-packages/wandb/sdk/mailbox/mailbox_handle.py", line 127, in wait_async
    response = await self._handle.wait_async(timeout=timeout)
  File "/home/junior/.local/lib/python3.10/site-packages/wandb/sdk/mailbox/response_handle.py", line 123, in wait_async
    raise HandleAbandonedError()
wandb.sdk.mailbox.mailbox_handle.HandleAbandonedError
